{
  "version": "1.5.0",
  "plugins_used": [
    {
      "name": "ArtifactoryDetector"
    },
    {
      "name": "AWSKeyDetector"
    },
    {
      "name": "AzureStorageKeyDetector"
    },
    {
      "name": "Base64HighEntropyString",
      "limit": 4.5
    },
    {
      "name": "BasicAuthDetector"
    },
    {
      "name": "CloudantDetector"
    },
    {
      "name": "DiscordBotTokenDetector"
    },
    {
      "name": "GitHubTokenDetector"
    },
    {
      "name": "GitLabTokenDetector"
    },
    {
      "name": "HexHighEntropyString",
      "limit": 3.0
    },
    {
      "name": "IbmCloudIamDetector"
    },
    {
      "name": "IbmCosHmacDetector"
    },
    {
      "name": "IPPublicDetector"
    },
    {
      "name": "JwtTokenDetector"
    },
    {
      "name": "KeywordDetector",
      "keyword_exclude": ""
    },
    {
      "name": "MailchimpDetector"
    },
    {
      "name": "NpmDetector"
    },
    {
      "name": "OpenAIDetector"
    },
    {
      "name": "PrivateKeyDetector"
    },
    {
      "name": "PypiTokenDetector"
    },
    {
      "name": "SendGridDetector"
    },
    {
      "name": "SlackDetector"
    },
    {
      "name": "SoftlayerDetector"
    },
    {
      "name": "SquareOAuthDetector"
    },
    {
      "name": "StripeDetector"
    },
    {
      "name": "TelegramBotTokenDetector"
    },
    {
      "name": "TwilioKeyDetector"
    }
  ],
  "filters_used": [
    {
      "path": "detect_secrets.filters.allowlist.is_line_allowlisted"
    },
    {
      "path": "detect_secrets.filters.common.is_baseline_file",
      "filename": ".secrets.baseline"
    },
    {
      "path": "detect_secrets.filters.common.is_ignored_due_to_verification_policies",
      "min_level": 2
    },
    {
      "path": "detect_secrets.filters.heuristic.is_indirect_reference"
    },
    {
      "path": "detect_secrets.filters.heuristic.is_likely_id_string"
    },
    {
      "path": "detect_secrets.filters.heuristic.is_lock_file"
    },
    {
      "path": "detect_secrets.filters.heuristic.is_not_alphanumeric_string"
    },
    {
      "path": "detect_secrets.filters.heuristic.is_potential_uuid"
    },
    {
      "path": "detect_secrets.filters.heuristic.is_prefixed_with_dollar_sign"
    },
    {
      "path": "detect_secrets.filters.heuristic.is_sequential_string"
    },
    {
      "path": "detect_secrets.filters.heuristic.is_swagger_file"
    },
    {
      "path": "detect_secrets.filters.heuristic.is_templated_secret"
    },
    {
      "path": "detect_secrets.filters.regex.should_exclude_file",
      "pattern": [
        "\\.venv",
        "\\.agents",
        "\\.claude"
      ]
    }
  ],
  "results": {
    ".env.example": [
      {
        "type": "Basic Auth Credentials",
        "filename": ".env.example",
        "hashed_secret": "eacae94be357107930903ad9f63608ecd08bc72e",
        "is_verified": false,
        "line_number": 8,
        "is_secret": false
      },
      {
        "type": "Basic Auth Credentials",
        "filename": ".env.example",
        "hashed_secret": "35675e68f4b5af7b995d9205ad0fc43842f16450",
        "is_verified": false,
        "line_number": 13,
        "is_secret": false
      }
    ],
    ".github/workflows/ci.yml": [
      {
        "type": "Basic Auth Credentials",
        "filename": ".github/workflows/ci.yml",
        "hashed_secret": "eacae94be357107930903ad9f63608ecd08bc72e",
        "is_verified": false,
        "line_number": 10,
        "is_secret": false
      },
      {
        "type": "Basic Auth Credentials",
        "filename": ".github/workflows/ci.yml",
        "hashed_secret": "35675e68f4b5af7b995d9205ad0fc43842f16450",
        "is_verified": false,
        "line_number": 12,
        "is_secret": false
      },
      {
        "type": "Secret Keyword",
        "filename": ".github/workflows/ci.yml",
        "hashed_secret": "bc565f6e909ec7d3c18e2ff5d9eeb2300ff20b7f",
        "is_verified": false,
        "line_number": 15,
        "is_secret": false
      },
      {
        "type": "Secret Keyword",
        "filename": ".github/workflows/ci.yml",
        "hashed_secret": "6a9d5cc119f5464db02636bf1a758054a6149c3e",
        "is_verified": false,
        "line_number": 18,
        "is_secret": false
      },
      {
        "type": "Secret Keyword",
        "filename": ".github/workflows/ci.yml",
        "hashed_secret": "eacae94be357107930903ad9f63608ecd08bc72e",
        "is_verified": false,
        "line_number": 30,
        "is_secret": false
      },
      {
        "type": "Secret Keyword",
        "filename": ".github/workflows/ci.yml",
        "hashed_secret": "ad1bc247ddd2919c14af18b7b8f34ec3a0f256de",
        "is_verified": false,
        "line_number": 76,
        "is_secret": false
      }
    ],
    "docs/agents/setup-runbook.md": [
      {
        "type": "Basic Auth Credentials",
        "filename": "docs/agents/setup-runbook.md",
        "hashed_secret": "eacae94be357107930903ad9f63608ecd08bc72e",
        "is_verified": false,
        "line_number": 153,
        "is_secret": false
      },
      {
        "type": "Basic Auth Credentials",
        "filename": "docs/agents/setup-runbook.md",
        "hashed_secret": "35675e68f4b5af7b995d9205ad0fc43842f16450",
        "is_verified": false,
        "line_number": 838,
        "is_secret": false
      }
    ],
    "src/modules/accounts/models/login_method.py": [
      {
        "type": "Secret Keyword",
        "filename": "src/modules/accounts/models/login_method.py",
        "hashed_secret": "5baa61e4c9b93f3f0682250b6cf8331b7ee68fd8",
        "is_verified": false,
        "line_number": 15,
        "is_secret": false
      }
    ],
    "src/modules/accounts/models/verification_token.py": [
      {
        "type": "Secret Keyword",
        "filename": "src/modules/accounts/models/verification_token.py",
        "hashed_secret": "a613756e030149431b0337e8b3a6c62440eb5ddc",
        "is_verified": false,
        "line_number": 17,
        "is_secret": false
      }
    ],
    "src/modules/accounts/tests/test_admin_api.py": [
      {
        "type": "Secret Keyword",
        "filename": "src/modules/accounts/tests/test_admin_api.py",
        "hashed_secret": "198a81222069eae82817f4173494298a295eb945",
        "is_verified": false,
        "line_number": 50,
        "is_secret": false
      }
    ],
    "src/modules/accounts/tests/test_api.py": [
      {
        "type": "Secret Keyword",
        "filename": "src/modules/accounts/tests/test_api.py",
        "hashed_secret": "198a81222069eae82817f4173494298a295eb945",
        "is_verified": false,
        "line_number": 24,
        "is_secret": false
      },
      {
        "type": "Secret Keyword",
        "filename": "src/modules/accounts/tests/test_api.py",
        "hashed_secret": "f1d2f6686505909ce4ecc8c499c34eb879646ea3",
        "is_verified": false,
        "line_number": 57,
        "is_secret": false
      },
      {
        "type": "Secret Keyword",
        "filename": "src/modules/accounts/tests/test_api.py",
        "hashed_secret": "8c89ea6b5c7318e9a7ad562226bcbdf3e6e364b1",
        "is_verified": false,
        "line_number": 123,
        "is_secret": false
      },
      {
        "type": "Secret Keyword",
        "filename": "src/modules/accounts/tests/test_api.py",
        "hashed_secret": "9c41b797a2784f6fa83436181f939a1cfa8206b9",
        "is_verified": false,
        "line_number": 262,
        "is_secret": false
      }
    ],
    "src/modules/accounts/tests/test_email_change.py": [
      {
        "type": "Secret Keyword",
        "filename": "src/modules/accounts/tests/test_email_change.py",
        "hashed_secret": "198a81222069eae82817f4173494298a295eb945",
        "is_verified": false,
        "line_number": 27,
        "is_secret": false
      }
    ],
    "src/modules/accounts/tests/test_locale_preference_api.py": [
      {
        "type": "Secret Keyword",
        "filename": "src/modules/accounts/tests/test_locale_preference_api.py",
        "hashed_secret": "198a81222069eae82817f4173494298a295eb945",
        "is_verified": false,
        "line_number": 37,
        "is_secret": false
      }
    ],
    "src/modules/accounts/tests/test_password_reset.py": [
      {
        "type": "Secret Keyword",
        "filename": "src/modules/accounts/tests/test_password_reset.py",
        "hashed_secret": "198a81222069eae82817f4173494298a295eb945",
        "is_verified": false,
        "line_number": 19,
        "is_secret": false
      },
      {
        "type": "Secret Keyword",
        "filename": "src/modules/accounts/tests/test_password_reset.py",
        "hashed_secret": "8f27b450e3ba3a4b725e9ba8e9b267280469a7cd",
        "is_verified": false,
        "line_number": 61,
        "is_secret": false
      }
    ],
    "src/modules/accounts/tests/test_rate_limiting.py": [
      {
        "type": "Secret Keyword",
        "filename": "src/modules/accounts/tests/test_rate_limiting.py",
        "hashed_secret": "6809ffccad03b80fa1fbc32c17e7e054805ec30b",
        "is_verified": false,
        "line_number": 23,
        "is_secret": false
      },
      {
        "type": "Secret Keyword",
        "filename": "src/modules/accounts/tests/test_rate_limiting.py",
        "hashed_secret": "198a81222069eae82817f4173494298a295eb945",
        "is_verified": false,
        "line_number": 58,
        "is_secret": false
      }
    ],
    "src/modules/accounts/tests/test_services.py": [
      {
        "type": "Secret Keyword",
        "filename": "src/modules/accounts/tests/test_services.py",
        "hashed_secret": "198a81222069eae82817f4173494298a295eb945",
        "is_verified": false,
        "line_number": 23,
        "is_secret": false
      },
      {
        "type": "Secret Keyword",
        "filename": "src/modules/accounts/tests/test_services.py",
        "hashed_secret": "6809ffccad03b80fa1fbc32c17e7e054805ec30b",
        "is_verified": false,
        "line_number": 88,
        "is_secret": false
      },
      {
        "type": "Secret Keyword",
        "filename": "src/modules/accounts/tests/test_services.py",
        "hashed_secret": "7a43c9f731744d781d8d382b15945a41a79b68cb",
        "is_verified": false,
        "line_number": 94,
        "is_secret": false
      }
    ],
    "src/modules/accounts/tests/test_staff.py": [
      {
        "type": "Secret Keyword",
        "filename": "src/modules/accounts/tests/test_staff.py",
        "hashed_secret": "198a81222069eae82817f4173494298a295eb945",
        "is_verified": false,
        "line_number": 20,
        "is_secret": false
      }
    ],
    "src/modules/audit/tests/test_write_audit_log.py": [
      {
        "type": "Secret Keyword",
        "filename": "src/modules/audit/tests/test_write_audit_log.py",
        "hashed_secret": "4ea8d2335b430796cf3f500368c5b0f5b1dc90f5",
        "is_verified": false,
        "line_number": 33,
        "is_secret": false
      },
      {
        "type": "Secret Keyword",
        "filename": "src/modules/audit/tests/test_write_audit_log.py",
        "hashed_secret": "7095a00832203b7c4206e2f652c66b02d31490b3",
        "is_verified": false,
        "line_number": 34,
        "is_secret": false
      }
    ]
  },
  "generated_at": "2026-08-13T16:38:22Z"
}
